AST Tree for 'tests/parse/struct_literal.arca':
Program {
    declarations: [
        Struct {
            name: "Point",
            fields: [
                FieldDef {
                    name: "x",
                    type_ann: Named(
                        "i64",
                    ),
                    span: Span {
                        start: 45,
                        end: 46,
                        start_loc: Location {
                            line: 2,
                            column: 16,
                        },
                        end_loc: Location {
                            line: 2,
                            column: 17,
                        },
                    },
                },
                FieldDef {
                    name: "y",
                    type_ann: Named(
                        "i64",
                    ),
                    span: Span {
                        start: 53,
                        end: 54,
                        start_loc: Location {
                            line: 2,
                            column: 24,
                        },
                        end_loc: Location {
                            line: 2,
                            column: 25,
                        },
                    },
                },
            ],
            methods: [],
            span: Span {
                start: 30,
                end: 61,
                start_loc: Location {
                    line: 2,
                    column: 1,
                },
                end_loc: Location {
                    line: 2,
                    column: 32,
                },
            },
        },
        Fn(
            FnDecl {
                name: "main",
                params: [],
                return_type: None,
                throws_type: None,
                body: BlockExpr {
                    statements: [
                        VarDecl {
                            is_const: false,
                            name: "p",
                            type_ann: None,
                            init: Some(
                                StructLiteral {
                                    name: "Point",
                                    fields: [
                                        StructFieldInit {
                                            name: "x",
                                            value: Some(
                                                Literal {
                                                    value: Int(
                                                        1,
                                                    ),
                                                    span: Span {
                                                        start: 96,
                                                        end: 97,
                                                        start_loc: Location {
                                                            line: 5,
                                                            column: 22,
                                                        },
                                                        end_loc: Location {
                                                            line: 5,
                                                            column: 23,
                                                        },
                                                    },
                                                },
                                            ),
                                            span: Span {
                                                start: 93,
                                                end: 94,
                                                start_loc: Location {
                                                    line: 5,
                                                    column: 19,
                                                },
                                                end_loc: Location {
                                                    line: 5,
                                                    column: 20,
                                                },
                                            },
                                        },
                                        StructFieldInit {
                                            name: "y",
                                            value: Some(
                                                Literal {
                                                    value: Int(
                                                        2,
                                                    ),
                                                    span: Span {
                                                        start: 102,
                                                        end: 103,
                                                        start_loc: Location {
                                                            line: 5,
                                                            column: 28,
                                                        },
                                                        end_loc: Location {
                                                            line: 5,
                                                            column: 29,
                                                        },
                                                    },
                                                },
                                            ),
                                            span: Span {
                                                start: 99,
                                                end: 100,
                                                start_loc: Location {
                                                    line: 5,
                                                    column: 25,
                                                },
                                                end_loc: Location {
                                                    line: 5,
                                                    column: 26,
                                                },
                                            },
                                        },
                                    ],
                                    span: Span {
                                        start: 85,
                                        end: 105,
                                        start_loc: Location {
                                            line: 5,
                                            column: 11,
                                        },
                                        end_loc: Location {
                                            line: 5,
                                            column: 31,
                                        },
                                    },
                                },
                            ),
                            span: Span {
                                start: 77,
                                end: 115,
                                start_loc: Location {
                                    line: 5,
                                    column: 3,
                                },
                                end_loc: Location {
                                    line: 6,
                                    column: 10,
                                },
                            },
                        },
                    ],
                    final_expr: Some(
                        Call {
                            callee: Identifier {
                                name: "println",
                                span: Span {
                                    start: 108,
                                    end: 115,
                                    start_loc: Location {
                                        line: 6,
                                        column: 3,
                                    },
                                    end_loc: Location {
                                        line: 6,
                                        column: 10,
                                    },
                                },
                            },
                            args: [
                                MemberAccess {
                                    object: Identifier {
                                        name: "p",
                                        span: Span {
                                            start: 116,
                                            end: 117,
                                            start_loc: Location {
                                                line: 6,
                                                column: 11,
                                            },
                                            end_loc: Location {
                                                line: 6,
                                                column: 12,
                                            },
                                        },
                                    },
                                    property: "x",
                                    is_optional: false,
                                    span: Span {
                                        start: 116,
                                        end: 119,
                                        start_loc: Location {
                                            line: 6,
                                            column: 11,
                                        },
                                        end_loc: Location {
                                            line: 6,
                                            column: 14,
                                        },
                                    },
                                },
                            ],
                            span: Span {
                                start: 108,
                                end: 120,
                                start_loc: Location {
                                    line: 6,
                                    column: 3,
                                },
                                end_loc: Location {
                                    line: 6,
                                    column: 15,
                                },
                            },
                        },
                    ),
                    span: Span {
                        start: 73,
                        end: 122,
                        start_loc: Location {
                            line: 4,
                            column: 11,
                        },
                        end_loc: Location {
                            line: 7,
                            column: 2,
                        },
                    },
                },
                span: Span {
                    start: 63,
                    end: 122,
                    start_loc: Location {
                        line: 4,
                        column: 1,
                    },
                    end_loc: Location {
                        line: 7,
                        column: 2,
                    },
                },
            },
        ),
    ],
}
